INFO:     Started server process [88046]
INFO:     Waiting for application startup.
INFO:apscheduler.scheduler:Adding job tentatively -- it will be properly scheduled when the scheduler starts
INFO:apscheduler.scheduler:Added job "nightly_scrape_job" to job store "default"
INFO:apscheduler.scheduler:Scheduler started
INFO:app.main:Scheduler started. Next run: 2026-06-29 02:00:00-07:00
INFO:     Application startup complete.
INFO:     Uvicorn running on http://0.0.0.0:8000 (Press CTRL+C to quit)
WARNING:apscheduler.executors.default:Run time of job "nightly_scrape_job (trigger: cron[hour='2', minute='0'], next run at: 2026-06-29 02:00:00 PDT)" was missed by 9:26:13.709791
WARNING:apscheduler.executors.default:Run time of job "nightly_scrape_job (trigger: cron[hour='2', minute='0'], next run at: 2026-07-01 02:00:00 PDT)" was missed by 12:32:47.355567
WARNING:apscheduler.executors.default:Run time of job "nightly_scrape_job (trigger: cron[hour='2', minute='0'], next run at: 2026-07-03 02:00:00 PDT)" was missed by 17:56:24.278232
WARNING:apscheduler.executors.default:Run time of job "nightly_scrape_job (trigger: cron[hour='2', minute='0'], next run at: 2026-07-05 02:00:00 PDT)" was missed by 0:42:28.699094
WARNING:apscheduler.executors.default:Run time of job "nightly_scrape_job (trigger: cron[hour='2', minute='0'], next run at: 2026-07-08 02:00:00 PDT)" was missed by 5:15:11.181305
WARNING:apscheduler.executors.default:Run time of job "nightly_scrape_job (trigger: cron[hour='2', minute='0'], next run at: 2026-07-12 02:00:00 PDT)" was missed by 11:57:28.438507
INFO:     Shutting down
INFO:     Waiting for application shutdown.
INFO:apscheduler.scheduler:Scheduler has been shut down
INFO:app.main:Scheduler stopped
INFO:     Application shutdown complete.
INFO:     Finished server process [88046]
INFO:     Started server process [1483]
INFO:     Waiting for application startup.
INFO:apscheduler.scheduler:Adding job tentatively -- it will be properly scheduled when the scheduler starts
INFO:apscheduler.scheduler:Added job "nightly_scrape_job" to job store "default"
INFO:apscheduler.scheduler:Scheduler started
INFO:app.main:Scheduler started. Next run: 2026-07-13 02:00:00-07:00
INFO:     Application startup complete.
INFO:     Uvicorn running on http://0.0.0.0:8000 (Press CTRL+C to quit)
WARNING:apscheduler.executors.default:Run time of job "nightly_scrape_job (trigger: cron[hour='2', minute='0'], next run at: 2026-07-13 02:00:00 PDT)" was missed by 9:39:19.429652
WARNING:apscheduler.executors.default:Run time of job "nightly_scrape_job (trigger: cron[hour='2', minute='0'], next run at: 2026-07-18 02:00:00 PDT)" was missed by 14:47:11.345316
